-- Automatically generated by TPCDSQueryTestSuite

-- !query schema
struct<excess discount amount :int>
-- !query output
1
