-- Automatically generated by TPCDSQueryTestSuite

-- !query schema
struct<promotions:decimal(17,2),total:decimal(17,2),(CAST((CAST(CAST(promotions AS DECIMAL(15,4)) AS DECIMAL(15,4)) / CAST(CAST(total AS DECIMAL(15,4)) AS DECIMAL(15,4))) AS DECIMAL(35,20)) * CAST(CAST(100 AS DECIMAL(3,0)) AS DECIMAL(35,20))):decimal(38,19)>
-- !query output
2574995.94	5792384.50	44.4548517108972997220
